
  .   ____          _            __ _ _
 /\\ / ___'_ __ _ _(_)_ __  __ _ \ \ \ \
( ( )\___ | '_ | '_| | '_ \/ _` | \ \ \ \
 \\/  ___)| |_)| | | | | || (_| |  ) ) ) )
  '  |____| .__|_| |_|_| |_\__, | / / / /
 =========|_|==============|___/=/_/_/_/

 :: Spring Boot ::                (v3.3.3)

2026-06-24T22:22:21.736+08:00  INFO 33758 --- [AITMK] [           main] com.example.aitmk.AitmkApplication       : Starting AitmkApplication using Java 21.0.11 with PID 33758 (/Users/xingzhan/code/AITMK-Service/target/classes started by xingzhan in /Users/xingzhan/code/AITMK-Service)
2026-06-24T22:22:21.737+08:00  INFO 33758 --- [AITMK] [           main] com.example.aitmk.AitmkApplication       : No active profile set, falling back to 1 default profile: "default"
2026-06-24T22:22:22.113+08:00  INFO 33758 --- [AITMK] [           main] .s.d.r.c.RepositoryConfigurationDelegate : Bootstrapping Spring Data JPA repositories in DEFAULT mode.
2026-06-24T22:22:22.173+08:00  INFO 33758 --- [AITMK] [           main] .s.d.r.c.RepositoryConfigurationDelegate : Finished Spring Data repository scanning in 58 ms. Found 7 JPA repository interfaces.
2026-06-24T22:22:22.465+08:00  INFO 33758 --- [AITMK] [           main] o.s.b.w.embedded.tomcat.TomcatWebServer  : Tomcat initialized with port 6153 (http)
2026-06-24T22:22:22.471+08:00  INFO 33758 --- [AITMK] [           main] o.apache.catalina.core.StandardService   : Starting service [Tomcat]
2026-06-24T22:22:22.471+08:00  INFO 33758 --- [AITMK] [           main] o.apache.catalina.core.StandardEngine    : Starting Servlet engine: [Apache Tomcat/10.1.28]
2026-06-24T22:22:22.490+08:00  INFO 33758 --- [AITMK] [           main] o.a.c.c.C.[Tomcat].[localhost].[/]       : Initializing Spring embedded WebApplicationContext
2026-06-24T22:22:22.491+08:00  INFO 33758 --- [AITMK] [           main] w.s.c.ServletWebServerApplicationContext : Root WebApplicationContext: initialization completed in 728 ms
2026-06-24T22:22:22.640+08:00  INFO 33758 --- [AITMK] [           main] com.zaxxer.hikari.HikariDataSource       : HikariPool-1 - Starting...
2026-06-24T22:22:25.237+08:00  INFO 33758 --- [AITMK] [           main] com.zaxxer.hikari.pool.HikariPool        : HikariPool-1 - Added connection org.mariadb.jdbc.Connection@5d9bb69b
2026-06-24T22:22:25.239+08:00  INFO 33758 --- [AITMK] [           main] com.zaxxer.hikari.HikariDataSource       : HikariPool-1 - Start completed.
2026-06-24T22:22:26.112+08:00  INFO 33758 --- [AITMK] [           main] org.flywaydb.core.FlywayExecutor         : Database: jdbc:mariadb://8.215.70.210/im (MariaDB 10.11)
2026-06-24T22:22:32.944+08:00  INFO 33758 --- [AITMK] [           main] o.f.core.internal.command.DbValidate     : Successfully validated 5 migrations (execution time 00:02.988s)
2026-06-24T22:22:38.475+08:00  INFO 33758 --- [AITMK] [           main] o.f.core.internal.command.DbMigrate      : Current version of schema `im`: 5
2026-06-24T22:22:38.903+08:00  INFO 33758 --- [AITMK] [           main] o.f.core.internal.command.DbMigrate      : Schema `im` is up to date. No migration necessary.
2026-06-24T22:22:40.658+08:00  INFO 33758 --- [AITMK] [           main] o.hibernate.jpa.internal.util.LogHelper  : HHH000204: Processing PersistenceUnitInfo [name: default]
2026-06-24T22:22:40.679+08:00  INFO 33758 --- [AITMK] [           main] org.hibernate.Version                    : HHH000412: Hibernate ORM core version 6.5.2.Final
2026-06-24T22:22:40.690+08:00  INFO 33758 --- [AITMK] [           main] o.h.c.internal.RegionFactoryInitiator    : HHH000026: Second-level cache disabled
2026-06-24T22:22:40.782+08:00  INFO 33758 --- [AITMK] [           main] o.s.o.j.p.SpringPersistenceUnitInfo      : No LoadTimeWeaver setup: ignoring JPA class transformer
2026-06-24T22:22:42.046+08:00  INFO 33758 --- [AITMK] [           main] o.h.e.t.j.p.i.JtaPlatformInitiator       : HHH000489: No JTA platform available (set 'hibernate.transaction.jta.platform' to enable JTA platform integration)
2026-06-24T22:22:43.773+08:00  INFO 33758 --- [AITMK] [           main] j.LocalContainerEntityManagerFactoryBean : Initialized JPA EntityManagerFactory for persistence unit 'default'
2026-06-24T22:22:43.916+08:00  INFO 33758 --- [AITMK] [           main] o.s.d.j.r.query.QueryEnhancerFactory     : Hibernate is in classpath; If applicable, HQL parser will be used.
2026-06-24T22:22:44.957+08:00 ERROR 33758 --- [AITMK] [           main] i.n.r.d.DnsServerAddressStreamProviders  : Unable to load io.netty.resolver.dns.macos.MacOSDnsServerAddressStreamProvider, fallback to system defaults. This may result in incorrect DNS resolutions on MacOS. Check whether you have a dependency on 'io.netty:netty-resolver-dns-native-macos'. Use DEBUG level to see the full stack: java.lang.UnsatisfiedLinkError: failed to load the required native library
2026-06-24T22:22:46.513+08:00  INFO 33758 --- [AITMK] [           main] .e.a.s.i.AutoReplyScriptCacheServiceImpl : Auto reply scripts cache loaded. size=1
2026-06-24T22:22:47.001+08:00  INFO 33758 --- [AITMK] [           main] .e.a.s.i.WorkTimeSettingCacheServiceImpl : Work time settings cache loaded. size=1
2026-06-24T22:22:47.187+08:00  WARN 33758 --- [AITMK] [           main] .s.s.UserDetailsServiceAutoConfiguration : 

Using generated security password: 34f94949-df51-4a9e-9ea7-1756106c567a

This generated password is for development use only. Your security configuration must be updated before running your application in production.

2026-06-24T22:22:47.194+08:00  INFO 33758 --- [AITMK] [           main] r$InitializeUserDetailsManagerConfigurer : Global AuthenticationManager configured with UserDetailsService bean with name inMemoryUserDetailsManager
2026-06-24T22:22:47.320+08:00  INFO 33758 --- [AITMK] [           main] o.s.b.a.e.web.EndpointLinksResolver      : Exposing 1 endpoint beneath base path '/actuator'
2026-06-24T22:22:47.518+08:00  INFO 33758 --- [AITMK] [           main] o.s.b.w.embedded.tomcat.TomcatWebServer  : Tomcat started on port 6153 (http) with context path '/'
2026-06-24T22:22:47.519+08:00  INFO 33758 --- [AITMK] [           main] o.s.m.s.b.SimpleBrokerMessageHandler     : Starting...
2026-06-24T22:22:47.519+08:00  INFO 33758 --- [AITMK] [           main] o.s.m.s.b.SimpleBrokerMessageHandler     : BrokerAvailabilityEvent[available=true, SimpleBrokerMessageHandler [org.springframework.messaging.simp.broker.DefaultSubscriptionRegistry@5b7bccc3]]
2026-06-24T22:22:47.519+08:00  INFO 33758 --- [AITMK] [           main] o.s.m.s.b.SimpleBrokerMessageHandler     : Started.
2026-06-24T22:22:47.526+08:00  INFO 33758 --- [AITMK] [           main] com.example.aitmk.AitmkApplication       : Started AitmkApplication in 25.988 seconds (process running for 26.1)
2026-06-24T22:22:50.099+08:00  INFO 33758 --- [AITMK] [           main] c.e.a.s.impl.LocalCacheWarmupService     : Local database cache warmup completed. activeAssignments=0
2026-06-24T22:23:47.513+08:00  INFO 33758 --- [AITMK] [MessageBroker-9] o.s.w.s.c.WebSocketMessageBrokerStats    : WebSocketSession[0 current WS(0)-HttpStream(0)-HttpPoll(0), 0 total, 0 closed abnormally (0 connect failure, 0 send limit, 0 transport error)], stompSubProtocol[processed CONNECT(0)-CONNECTED(0)-DISCONNECT(0)], stompBrokerRelay[null], inboundChannel[pool size = 0, active threads = 0, queued tasks = 0, completed tasks = 0], outboundChannel[pool size = 0, active threads = 0, queued tasks = 0, completed tasks = 0], sockJsScheduler[pool size = 10, active threads = 2, queued tasks = 5, completed tasks = 23]
2026-06-24T22:24:05.739+08:00  INFO 33758 --- [AITMK] [ionShutdownHook] o.s.m.s.b.SimpleBrokerMessageHandler     : Stopping...
2026-06-24T22:24:05.739+08:00  INFO 33758 --- [AITMK] [ionShutdownHook] o.s.m.s.b.SimpleBrokerMessageHandler     : BrokerAvailabilityEvent[available=false, SimpleBrokerMessageHandler [org.springframework.messaging.simp.broker.DefaultSubscriptionRegistry@5b7bccc3]]
2026-06-24T22:24:05.739+08:00  INFO 33758 --- [AITMK] [ionShutdownHook] o.s.m.s.b.SimpleBrokerMessageHandler     : Stopped.
2026-06-24T22:24:08.178+08:00  INFO 33758 --- [AITMK] [ionShutdownHook] j.LocalContainerEntityManagerFactoryBean : Closing JPA EntityManagerFactory for persistence unit 'default'
2026-06-24T22:24:08.179+08:00  INFO 33758 --- [AITMK] [ionShutdownHook] com.zaxxer.hikari.HikariDataSource       : HikariPool-1 - Shutdown initiated...
2026-06-24T22:24:08.203+08:00  INFO 33758 --- [AITMK] [ionShutdownHook] com.zaxxer.hikari.HikariDataSource       : HikariPool-1 - Shutdown completed.
